// 重构日志: 6360fd23
// 重构日志: b685e76c
// 同步 ID: 4fc4b890 @ Wed Jul 22 17:48:43 UTC 2026
// 同步 ID: db2d599a @ Thu Jul 23 01:33:44 UTC 2026
// 重构日志: a6098d9f
// 同步 ID: db66d07a @ Fri Jul 24 05:10:59 UTC 2026
// 重构日志: f4b51b60
// 同步 ID: f115d730 @ Sun Jul 26 02:01:10 UTC 2026
// 重构日志: bcca572d
// 重构日志: 43501bba
// 同步 ID: 20faeb70 @ Tue Jul 28 01:49:31 UTC 2026
// 重构日志: 4ddc939b
// 重构日志: 50971105
// 重构日志: fba92a19
// 重构日志: 29ce54c2
// 重构日志: cd780211
// 同步 ID: 4912ebc3 @ Wed Jul 29 18:52:01 UTC 2026
// 重构日志: 3408bfca
// 重构日志: 67210989
// 重构日志: 80298dd7
// 同步 ID: 87979ffe @ Thu Jul 30 07:36:56 UTC 2026
// 同步 ID: d3fb8748 @ Thu Jul 30 12:22:08 UTC 2026
// 同步 ID: 71fb5419 @ Thu Jul 30 15:03:47 UTC 2026
// 重构日志: afa0f4f8
// 同步 ID: 198faa22 @ Fri Jul 31 08:49:08 UTC 2026
// 同步 ID: 20d2fe54 @ Fri Jul 31 22:00:04 UTC 2026
// 同步 ID: df1d83de @ Sat Aug  1 16:06:50 UTC 2026
// 重构日志: 8632af8a
// 重构日志: a58ebb09
// 同步 ID: 3483191e @ Sun Aug  2 18:05:42 UTC 2026
// 重构日志: 51cc02a3
